// Jest Snapshot v1, https://goo.gl/fbAQLP

exports[`FilterTab 컴포넌트 테스트 FilterTab 렌더링 1`] = `
<section
  aria-label="주제 탭"
  class="flex flex-col gap-6"
>
  <div
    class="flex items-center gap-3"
  >
    <a
      aria-label="오프라인 탭"
      class="relative"
      href="/gathering/offline"
    >
      <span
        class="relative pb-1.5 text-lg font-semibold text-gray-400"
      >
        오프라인
      </span>
    </a>
    <a
      aria-label="온라인 탭"
      class="relative"
      href="/gathering/online"
    >
      <span
        class="relative pb-1.5 text-lg font-semibold text-gray-400"
      >
        온라인
      </span>
    </a>
  </div>
  <div
    class="flex items-center gap-2"
  >
    <a
      href="/gathering/online"
    >
      <button
        aria-label="온라인 전체 탭"
        class="flex items-center justify-center whitespace-nowrap text-sm font-medium transition-colors focus-visible:outline-none focus-visible:ring-1 focus-visible:ring-ring disabled:pointer-events-none disabled:opacity-50 [&_svg]:pointer-events-none [&_svg]:size-4 [&_svg]:shrink-0 bg-primary text-primary-foreground shadow hover:bg-primary/90 h-9 rounded-xl px-4 py-2.5"
        role="button"
      >
        전체
      </button>
    </a>
  </div>
</section>
`;

exports[`FilterTab 컴포넌트 테스트 GatheringMainTab 렌더링 1`] = `
<a
  aria-label="오프라인 탭"
  class="relative"
  href="/gathering/offline"
>
  <span
    class="relative pb-1.5 text-lg font-semibold text-black after:absolute after:mt-1.5 after:block after:w-full after:border-b-2 after:border-gray-900 after:content-['']"
  >
    오프라인
  </span>
</a>
`;

exports[`FilterTab 컴포넌트 테스트 GatheringSubTab 렌더링 1`] = `
<button
  aria-label="오프라인 전체 탭"
  class="flex items-center justify-center whitespace-nowrap text-sm font-medium transition-colors focus-visible:outline-none focus-visible:ring-1 focus-visible:ring-ring disabled:pointer-events-none disabled:opacity-50 [&_svg]:pointer-events-none [&_svg]:size-4 [&_svg]:shrink-0 bg-primary text-primary-foreground shadow hover:bg-primary/90 h-9 rounded-xl px-4 py-2.5"
  role="button"
>
  전체
</button>
`;
